// Jest Snapshot v1, https://goo.gl/fbAQLP

exports[`Home Component render home component 1`] = `
<div>
  <div>
    test
  </div>
  <button />
</div>
`;
